     1 00000000                                 [FORMAT "WCOFF"]
     2 00000000                                 [INSTRSET "i486p"]
     3 00000000                                 [OPTIMIZE 1]
     4 00000000                                 [OPTION 1]
     5 00000000                                 [BITS 32]
     6 00000000                                 	EXTERN	_memman_alloc_4k
     7 00000000                                 	EXTERN	_set_segmdesc
     8 00000000                                 	EXTERN	_load_tr
     9 00000000                                 	EXTERN	_timer_alloc
    10 00000000                                 	EXTERN	_timer_settime
    11 00000000                                 	EXTERN	_farjmp
    12 00000000                                 	EXTERN	_io_hlt
    13 00000000                                 [FILE "mtask.c"]
    14                                          [SECTION .text]
    15 00000000                                 	GLOBAL	_task_now
    16 00000000                                 _task_now:
    17 00000000 A1 [00000004]                   	MOV	EAX,DWORD [_taskctl]
    18 00000005 55                              	PUSH	EBP
    19 00000006 89 E5                           	MOV	EBP,ESP
    20 00000008 5D                              	POP	EBP
    21 00000009 8B 10                           	MOV	EDX,DWORD [EAX]
    22 0000000B 69 D2 00000198                  	IMUL	EDX,EDX,408
    23 00000011 8D 44 02 08                     	LEA	EAX,DWORD [8+EDX+EAX*1]
    24 00000015 8B 50 04                        	MOV	EDX,DWORD [4+EAX]
    25 00000018 8B 44 90 08                     	MOV	EAX,DWORD [8+EAX+EDX*4]
    26 0000001C C3                              	RET
    27 0000001D                                 	GLOBAL	_task_add
    28 0000001D                                 _task_add:
    29 0000001D 55                              	PUSH	EBP
    30 0000001E 89 E5                           	MOV	EBP,ESP
    31 00000020 8B 4D 08                        	MOV	ECX,DWORD [8+EBP]
    32 00000023 8B 51 08                        	MOV	EDX,DWORD [8+ECX]
    33 00000026 69 D2 00000198                  	IMUL	EDX,EDX,408
    34 0000002C 03 15 [00000004]                	ADD	EDX,DWORD [_taskctl]
    35 00000032 8B 42 08                        	MOV	EAX,DWORD [8+EDX]
    36 00000035 89 4C 82 10                     	MOV	DWORD [16+EDX+EAX*4],ECX
    37 00000039 40                              	INC	EAX
    38 0000003A 89 42 08                        	MOV	DWORD [8+EDX],EAX
    39 0000003D C7 41 04 00000002               	MOV	DWORD [4+ECX],2
    40 00000044 5D                              	POP	EBP
    41 00000045 C3                              	RET
    42 00000046                                 	GLOBAL	_task_remove
    43 00000046                                 _task_remove:
    44 00000046 55                              	PUSH	EBP
    45 00000047 31 C9                           	XOR	ECX,ECX
    46 00000049 89 E5                           	MOV	EBP,ESP
    47 0000004B 53                              	PUSH	EBX
    48 0000004C 8B 5D 08                        	MOV	EBX,DWORD [8+EBP]
    49 0000004F 8B 43 08                        	MOV	EAX,DWORD [8+EBX]
    50 00000052 69 C0 00000198                  	IMUL	EAX,EAX,408
    51 00000058 03 05 [00000004]                	ADD	EAX,DWORD [_taskctl]
    52 0000005E 8D 50 08                        	LEA	EDX,DWORD [8+EAX]
    53 00000061 3B 48 08                        	CMP	ECX,DWORD [8+EAX]
    54 00000064 7D 0B                           	JGE	L5
    55 00000066                                 L9:
    56 00000066 39 5C 8A 08                     	CMP	DWORD [8+EDX+ECX*4],EBX
    57 0000006A 74 05                           	JE	L5
    58 0000006C 41                              	INC	ECX
    59 0000006D 3B 0A                           	CMP	ECX,DWORD [EDX]
    60 0000006F 7C F5                           	JL	L9
    61 00000071                                 L5:
    62 00000071 8B 42 04                        	MOV	EAX,DWORD [4+EDX]
    63 00000074 FF 0A                           	DEC	DWORD [EDX]
    64 00000076 39 C1                           	CMP	ECX,EAX
    65 00000078 7D 04                           	JGE	L10
    66 0000007A 48                              	DEC	EAX
    67 0000007B 89 42 04                        	MOV	DWORD [4+EDX],EAX
    68 0000007E                                 L10:
    69 0000007E 8B 02                           	MOV	EAX,DWORD [EDX]
    70 00000080 39 42 04                        	CMP	DWORD [4+EDX],EAX
    71 00000083 7C 07                           	JL	L11
    72 00000085 C7 42 04 00000000               	MOV	DWORD [4+EDX],0
    73 0000008C                                 L11:
    74 0000008C C7 43 04 00000001               	MOV	DWORD [4+EBX],1
    75 00000093 8B 1A                           	MOV	EBX,DWORD [EDX]
    76 00000095 39 D9                           	CMP	ECX,EBX
    77 00000097 7D 0D                           	JGE	L19
    78 00000099                                 L16:
    79 00000099 8B 44 8A 0C                     	MOV	EAX,DWORD [12+EDX+ECX*4]
    80 0000009D 89 44 8A 08                     	MOV	DWORD [8+EDX+ECX*4],EAX
    81 000000A1 41                              	INC	ECX
    82 000000A2 39 D9                           	CMP	ECX,EBX
    83 000000A4 7C F3                           	JL	L16
    84 000000A6                                 L19:
    85 000000A6 5B                              	POP	EBX
    86 000000A7 5D                              	POP	EBP
    87 000000A8 C3                              	RET
    88 000000A9                                 	GLOBAL	_task_init
    89 000000A9                                 _task_init:
    90 000000A9 55                              	PUSH	EBP
    91 000000AA 89 E5                           	MOV	EBP,ESP
    92 000000AC 57                              	PUSH	EDI
    93 000000AD 56                              	PUSH	ESI
    94 000000AE 31 FF                           	XOR	EDI,EDI
    95 000000B0 53                              	PUSH	EBX
    96 000000B1 31 F6                           	XOR	ESI,ESI
    97 000000B3 68 00025218                     	PUSH	152088
    98 000000B8 BB 000003E7                     	MOV	EBX,999
    99 000000BD FF 75 08                        	PUSH	DWORD [8+EBP]
   100 000000C0 E8 [00000000]                   	CALL	_memman_alloc_4k
   101 000000C5 A3 [00000004]                   	MOV	DWORD [_taskctl],EAX
   102 000000CA 58                              	POP	EAX
   103 000000CB 5A                              	POP	EDX
   104 000000CC                                 L25:
   105 000000CC 89 F8                           	MOV	EAX,EDI
   106 000000CE 8D 56 18                        	LEA	EDX,DWORD [24+ESI]
   107 000000D1 03 05 [00000004]                	ADD	EAX,DWORD [_taskctl]
   108 000000D7 81 C7 00000094                  	ADD	EDI,148
   109 000000DD C7 80 00000FFC 00000000         	MOV	DWORD [4092+EAX],0
   110 000000E7 89 90 00000FF8                  	MOV	DWORD [4088+EAX],EDX
   111 000000ED 05 00001024                     	ADD	EAX,4132
   112 000000F2 68 00000089                     	PUSH	137
   113 000000F7 50                              	PUSH	EAX
   114 000000F8 8D 86 00270018                  	LEA	EAX,DWORD [2555928+ESI]
   115 000000FE 6A 67                           	PUSH	103
   116 00000100 83 C6 08                        	ADD	ESI,8
   117 00000103 50                              	PUSH	EAX
   118 00000104 E8 [00000000]                   	CALL	_set_segmdesc
   119 00000109 83 C4 10                        	ADD	ESP,16
   120 0000010C 4B                              	DEC	EBX
   121 0000010D 79 BD                           	JNS	L25
   122 0000010F 8B 0D [00000004]                	MOV	ECX,DWORD [_taskctl]
   123 00000115 31 D2                           	XOR	EDX,EDX
   124 00000117 BB 00000009                     	MOV	EBX,9
   125 0000011C                                 L30:
   126 0000011C 8D 04 11                        	LEA	EAX,DWORD [ECX+EDX*1]
   127 0000011F 81 C2 00000198                  	ADD	EDX,408
   128 00000125 4B                              	DEC	EBX
   129 00000126 C7 40 08 00000000               	MOV	DWORD [8+EAX],0
   130 0000012D C7 40 0C 00000000               	MOV	DWORD [12+EAX],0
   131 00000134 79 E6                           	JNS	L30
   132 00000136 E8 000000A6                     	CALL	_task_alloc
   133 0000013B 89 C6                           	MOV	ESI,EAX
   134 0000013D C7 40 04 00000002               	MOV	DWORD [4+EAX],2
   135 00000144 C7 40 0C 00000002               	MOV	DWORD [12+EAX],2
   136 0000014B C7 40 08 00000000               	MOV	DWORD [8+EAX],0
   137 00000152 50                              	PUSH	EAX
   138 00000153 E8 FFFFFEC5                     	CALL	_task_add
   139 00000158 E8 0000023F                     	CALL	_task_switchsub
   140 0000015D FF 36                           	PUSH	DWORD [ESI]
   141 0000015F E8 [00000000]                   	CALL	_load_tr
   142 00000164 E8 00000078                     	CALL	_task_alloc
   143 00000169 68 00010000                     	PUSH	65536
   144 0000016E FF 75 08                        	PUSH	DWORD [8+EBP]
   145 00000171 89 C3                           	MOV	EBX,EAX
   146 00000173 E8 [00000000]                   	CALL	_memman_alloc_4k
   147 00000178 05 00010000                     	ADD	EAX,65536
   148 0000017D 89 43 64                        	MOV	DWORD [100+EBX],EAX
   149 00000180 C7 43 4C [000003C3]             	MOV	DWORD [76+EBX],_task_idle
   150 00000187 C7 43 74 00000008               	MOV	DWORD [116+EBX],8
   151 0000018E C7 43 78 00000010               	MOV	DWORD [120+EBX],16
   152 00000195 C7 43 7C 00000008               	MOV	DWORD [124+EBX],8
   153 0000019C C7 83 00000080 00000008         	MOV	DWORD [128+EBX],8
   154 000001A6 C7 83 00000084 00000008         	MOV	DWORD [132+EBX],8
   155 000001B0 C7 83 00000088 00000008         	MOV	DWORD [136+EBX],8
   156 000001BA 6A 01                           	PUSH	1
   157 000001BC 6A 09                           	PUSH	9
   158 000001BE 53                              	PUSH	EBX
   159 000001BF E8 000000CA                     	CALL	_task_run
   160 000001C4 E8 [00000000]                   	CALL	_timer_alloc
   161 000001C9 FF 76 0C                        	PUSH	DWORD [12+ESI]
   162 000001CC 50                              	PUSH	EAX
   163 000001CD A3 [00000000]                   	MOV	DWORD [_task_timer],EAX
   164 000001D2 E8 [00000000]                   	CALL	_timer_settime
   165 000001D7 8D 65 F4                        	LEA	ESP,DWORD [-12+EBP]
   166 000001DA 5B                              	POP	EBX
   167 000001DB 89 F0                           	MOV	EAX,ESI
   168 000001DD 5E                              	POP	ESI
   169 000001DE 5F                              	POP	EDI
   170 000001DF 5D                              	POP	EBP
   171 000001E0 C3                              	RET
   172 000001E1                                 	GLOBAL	_task_alloc
   173 000001E1                                 _task_alloc:
   174 000001E1 55                              	PUSH	EBP
   175 000001E2 31 C9                           	XOR	ECX,ECX
   176 000001E4 89 E5                           	MOV	EBP,ESP
   177 000001E6 31 D2                           	XOR	EDX,EDX
   178 000001E8                                 L41:
   179 000001E8 89 D0                           	MOV	EAX,EDX
   180 000001EA 03 05 [00000004]                	ADD	EAX,DWORD [_taskctl]
   181 000001F0 83 B8 00000FFC 00               	CMP	DWORD [4092+EAX],0
   182 000001F7 74 13                           	JE	L44
   183 000001F9 41                              	INC	ECX
   184 000001FA 81 C2 00000094                  	ADD	EDX,148
   185 00000200 81 F9 000003E7                  	CMP	ECX,999
   186 00000206 7E E0                           	JLE	L41
   187 00000208 31 C0                           	XOR	EAX,EAX
   188 0000020A                                 L35:
   189 0000020A 5D                              	POP	EBP
   190 0000020B C3                              	RET
   191 0000020C                                 L44:
   192 0000020C 05 00000FF8                     	ADD	EAX,4088
   193 00000211 C7 40 04 00000001               	MOV	DWORD [4+EAX],1
   194 00000218 C7 40 50 00000202               	MOV	DWORD [80+EAX],514
   195 0000021F C7 40 54 00000000               	MOV	DWORD [84+EAX],0
   196 00000226 C7 40 58 00000000               	MOV	DWORD [88+EAX],0
   197 0000022D C7 40 5C 00000000               	MOV	DWORD [92+EAX],0
   198 00000234 C7 40 60 00000000               	MOV	DWORD [96+EAX],0
   199 0000023B C7 40 68 00000000               	MOV	DWORD [104+EAX],0
   200 00000242 C7 40 6C 00000000               	MOV	DWORD [108+EAX],0
   201 00000249 C7 40 70 00000000               	MOV	DWORD [112+EAX],0
   202 00000250 C7 40 74 00000000               	MOV	DWORD [116+EAX],0
   203 00000257 C7 80 00000080 00000000         	MOV	DWORD [128+EAX],0
   204 00000261 C7 80 00000084 00000000         	MOV	DWORD [132+EAX],0
   205 0000026B C7 80 00000088 00000000         	MOV	DWORD [136+EAX],0
   206 00000275 C7 80 0000008C 00000000         	MOV	DWORD [140+EAX],0
   207 0000027F C7 80 00000090 40000000         	MOV	DWORD [144+EAX],1073741824
   208 00000289 E9 FFFFFF7C                     	JMP	L35
   209 0000028E                                 	GLOBAL	_task_run
   210 0000028E                                 _task_run:
   211 0000028E 55                              	PUSH	EBP
   212 0000028F 89 E5                           	MOV	EBP,ESP
   213 00000291 56                              	PUSH	ESI
   214 00000292 53                              	PUSH	EBX
   215 00000293 8B 75 0C                        	MOV	ESI,DWORD [12+EBP]
   216 00000296 8B 45 10                        	MOV	EAX,DWORD [16+EBP]
   217 00000299 8B 5D 08                        	MOV	EBX,DWORD [8+EBP]
   218 0000029C 85 F6                           	TEST	ESI,ESI
   219 0000029E 78 3B                           	JS	L50
   220 000002A0                                 L46:
   221 000002A0 85 C0                           	TEST	EAX,EAX
   222 000002A2 7E 03                           	JLE	L47
   223 000002A4 89 43 0C                        	MOV	DWORD [12+EBX],EAX
   224 000002A7                                 L47:
   225 000002A7 83 7B 04 02                     	CMP	DWORD [4+EBX],2
   226 000002AB 74 20                           	JE	L51
   227 000002AD                                 L48:
   228 000002AD 83 7B 04 02                     	CMP	DWORD [4+EBX],2
   229 000002B1 74 0A                           	JE	L49
   230 000002B3 89 73 08                        	MOV	DWORD [8+EBX],ESI
   231 000002B6 53                              	PUSH	EBX
   232 000002B7 E8 FFFFFD61                     	CALL	_task_add
   233 000002BC 59                              	POP	ECX
   234 000002BD                                 L49:
   235 000002BD A1 [00000004]                   	MOV	EAX,DWORD [_taskctl]
   236 000002C2 C6 40 04 01                     	MOV	BYTE [4+EAX],1
   237 000002C6 8D 65 F8                        	LEA	ESP,DWORD [-8+EBP]
   238 000002C9 5B                              	POP	EBX
   239 000002CA 5E                              	POP	ESI
   240 000002CB 5D                              	POP	EBP
   241 000002CC C3                              	RET
   242 000002CD                                 L51:
   243 000002CD 39 73 08                        	CMP	DWORD [8+EBX],ESI
   244 000002D0 74 DB                           	JE	L48
   245 000002D2 53                              	PUSH	EBX
   246 000002D3 E8 FFFFFD6E                     	CALL	_task_remove
   247 000002D8 58                              	POP	EAX
   248 000002D9 EB D2                           	JMP	L48
   249 000002DB                                 L50:
   250 000002DB 8B 73 08                        	MOV	ESI,DWORD [8+EBX]
   251 000002DE EB C0                           	JMP	L46
   252 000002E0                                 	GLOBAL	_task_sleep
   253 000002E0                                 _task_sleep:
   254 000002E0 55                              	PUSH	EBP
   255 000002E1 89 E5                           	MOV	EBP,ESP
   256 000002E3 56                              	PUSH	ESI
   257 000002E4 53                              	PUSH	EBX
   258 000002E5 8B 75 08                        	MOV	ESI,DWORD [8+EBP]
   259 000002E8 83 7E 04 02                     	CMP	DWORD [4+ESI],2
   260 000002EC 74 07                           	JE	L55
   261 000002EE                                 L52:
   262 000002EE 8D 65 F8                        	LEA	ESP,DWORD [-8+EBP]
   263 000002F1 5B                              	POP	EBX
   264 000002F2 5E                              	POP	ESI
   265 000002F3 5D                              	POP	EBP
   266 000002F4 C3                              	RET
   267 000002F5                                 L55:
   268 000002F5 E8 FFFFFD06                     	CALL	_task_now
   269 000002FA 56                              	PUSH	ESI
   270 000002FB 89 C3                           	MOV	EBX,EAX
   271 000002FD E8 FFFFFD44                     	CALL	_task_remove
   272 00000302 59                              	POP	ECX
   273 00000303 39 DE                           	CMP	ESI,EBX
   274 00000305 75 E7                           	JNE	L52
   275 00000307 E8 00000090                     	CALL	_task_switchsub
   276 0000030C E8 FFFFFCEF                     	CALL	_task_now
   277 00000311 FF 30                           	PUSH	DWORD [EAX]
   278 00000313 6A 00                           	PUSH	0
   279 00000315 E8 [00000000]                   	CALL	_farjmp
   280 0000031A 58                              	POP	EAX
   281 0000031B 5A                              	POP	EDX
   282 0000031C EB D0                           	JMP	L52
   283 0000031E                                 	GLOBAL	_task_switch
   284 0000031E                                 _task_switch:
   285 0000031E 55                              	PUSH	EBP
   286 0000031F 89 E5                           	MOV	EBP,ESP
   287 00000321 56                              	PUSH	ESI
   288 00000322 53                              	PUSH	EBX
   289 00000323 8B 1D [00000004]                	MOV	EBX,DWORD [_taskctl]
   290 00000329 8B 13                           	MOV	EDX,DWORD [EBX]
   291 0000032B 69 D2 00000198                  	IMUL	EDX,EDX,408
   292 00000331 8D 14 1A                        	LEA	EDX,DWORD [EDX+EBX*1]
   293 00000334 8D 4A 08                        	LEA	ECX,DWORD [8+EDX]
   294 00000337 8B 41 04                        	MOV	EAX,DWORD [4+ECX]
   295 0000033A 8B 74 81 08                     	MOV	ESI,DWORD [8+ECX+EAX*4]
   296 0000033E 40                              	INC	EAX
   297 0000033F 89 41 04                        	MOV	DWORD [4+ECX],EAX
   298 00000342 3B 42 08                        	CMP	EAX,DWORD [8+EDX]
   299 00000345 74 4C                           	JE	L60
   300 00000347                                 L57:
   301 00000347 80 7B 04 00                     	CMP	BYTE [4+EBX],0
   302 0000034B 75 2D                           	JNE	L61
   303 0000034D                                 L58:
   304 0000034D 8B 41 04                        	MOV	EAX,DWORD [4+ECX]
   305 00000350 8B 5C 81 08                     	MOV	EBX,DWORD [8+ECX+EAX*4]
   306 00000354 FF 73 0C                        	PUSH	DWORD [12+EBX]
   307 00000357 FF 35 [00000000]                	PUSH	DWORD [_task_timer]
   308 0000035D E8 [00000000]                   	CALL	_timer_settime
   309 00000362 39 F3                           	CMP	EBX,ESI
   310 00000364 58                              	POP	EAX
   311 00000365 5A                              	POP	EDX
   312 00000366 74 0B                           	JE	L56
   313 00000368 FF 33                           	PUSH	DWORD [EBX]
   314 0000036A 6A 00                           	PUSH	0
   315 0000036C E8 [00000000]                   	CALL	_farjmp
   316 00000371 5B                              	POP	EBX
   317 00000372 5E                              	POP	ESI
   318 00000373                                 L56:
   319 00000373 8D 65 F8                        	LEA	ESP,DWORD [-8+EBP]
   320 00000376 5B                              	POP	EBX
   321 00000377 5E                              	POP	ESI
   322 00000378 5D                              	POP	EBP
   323 00000379 C3                              	RET
   324 0000037A                                 L61:
   325 0000037A E8 0000001D                     	CALL	_task_switchsub
   326 0000037F 8B 15 [00000004]                	MOV	EDX,DWORD [_taskctl]
   327 00000385 8B 02                           	MOV	EAX,DWORD [EDX]
   328 00000387 69 C0 00000198                  	IMUL	EAX,EAX,408
   329 0000038D 8D 4C 10 08                     	LEA	ECX,DWORD [8+EAX+EDX*1]
   330 00000391 EB BA                           	JMP	L58
   331 00000393                                 L60:
   332 00000393 C7 41 04 00000000               	MOV	DWORD [4+ECX],0
   333 0000039A EB AB                           	JMP	L57
   334 0000039C                                 _task_switchsub:
   335 0000039C 55                              	PUSH	EBP
   336 0000039D 31 C9                           	XOR	ECX,ECX
   337 0000039F 89 E5                           	MOV	EBP,ESP
   338 000003A1 A1 [00000004]                   	MOV	EAX,DWORD [_taskctl]
   339 000003A6 31 D2                           	XOR	EDX,EDX
   340 000003A8                                 L68:
   341 000003A8 83 7C 10 08 00                  	CMP	DWORD [8+EAX+EDX*1],0
   342 000003AD 7F 0C                           	JG	L64
   343 000003AF 41                              	INC	ECX
   344 000003B0 81 C2 00000198                  	ADD	EDX,408
   345 000003B6 83 F9 09                        	CMP	ECX,9
   346 000003B9 7E ED                           	JLE	L68
   347 000003BB                                 L64:
   348 000003BB 89 08                           	MOV	DWORD [EAX],ECX
   349 000003BD C6 40 04 00                     	MOV	BYTE [4+EAX],0
   350 000003C1 5D                              	POP	EBP
   351 000003C2 C3                              	RET
   352 000003C3                                 _task_idle:
   353 000003C3 55                              	PUSH	EBP
   354 000003C4 89 E5                           	MOV	EBP,ESP
   355 000003C6                                 L71:
   356 000003C6 E8 [00000000]                   	CALL	_io_hlt
   357 000003CB EB F9                           	JMP	L71
   358 000003CD                                 	GLOBAL	_task_timer
   359                                          [SECTION .data]
   360 00000000                                 	ALIGNB	4
   361 00000000                                 _task_timer:
   362 00000000 00 00 00 00                     	RESB	4
   363 00000004                                 	GLOBAL	_taskctl
   364                                          [SECTION .data]
   365 00000004                                 	ALIGNB	4
   366 00000004                                 _taskctl:
   367 00000004 00 00 00 00                     	RESB	4
